_NET_WM_ICON_GEOMETRY(CARDINAL) = 672, 1152, 52, 44
_VARIABLE_REFRESH(CARDINAL) = 1
_NET_WM_USER_TIME(CARDINAL) = 12912886
_NET_WM_ALLOWED_ACTIONS(ATOM) = _NET_WM_ACTION_MOVE, _NET_WM_ACTION_RESIZE, _NET_WM_ACTION_MINIMIZE, _NET_WM_ACTION_SHADE, _NET_WM_ACTION_MAXIMIZE_VERT, _NET_WM_ACTION_MAXIMIZE_HORZ, _NET_WM_ACTION_FULLSCREEN, _NET_WM_ACTION_CHANGE_DESKTOP, _NET_WM_ACTION_CLOSE
_KDE_NET_WM_FRAME_STRUT(CARDINAL) = 4, 4, 28, 4
_NET_FRAME_EXTENTS(CARDINAL) = 4, 4, 28, 4
_NET_WM_DESKTOP(CARDINAL) = 0
_KDE_NET_WM_ACTIVITIES(STRING) = "9d1fec25-ea71-4bb3-88d0-bc205359aae8"
WM_STATE(WM_STATE):
		window state: Normal
		icon window: 0x0
_NET_WM_STATE(ATOM) = _NET_WM_STATE_FOCUSED
XdndAware(ATOM) = BITMAP
WM_NAME(STRING) = "Astra Voice"
_NET_WM_NAME(UTF8_STRING) = "Astra Voice"
_KDE_NET_WM_USER_CREATION_TIME(CARDINAL) = 12912577
_MOTIF_WM_HINTS(_MOTIF_WM_HINTS) = 0x3, 0x3e, 0x7e, 0x0, 0x0
_NET_WM_WINDOW_TYPE(ATOM) = _NET_WM_WINDOW_TYPE_NORMAL
_XEMBED_INFO(_XEMBED_INFO) = 0x0, 0x1
WM_CLIENT_LEADER(WINDOW): window id # 0x5a00018
WM_HINTS(WM_HINTS):
		Client accepts input or input focus: True
		window id # of group leader: 0x5a00018
WM_CLIENT_MACHINE(STRING) = "astra-23876"
_NET_WM_PID(CARDINAL) = 198770
_NET_WM_SYNC_REQUEST_COUNTER(CARDINAL) = 94371863
_GTK_APPLICATION_ID(UTF8_STRING) = "astra-voice"
_KDE_NET_WM_DESKTOP_FILE(UTF8_STRING) = "astra-voice"
WM_CLASS(STRING) = "bootstrap.py", "astra-voice"
WM_PROTOCOLS(ATOM): protocols  WM_DELETE_WINDOW, WM_TAKE_FOCUS, _NET_WM_PING, _NET_WM_SYNC_REQUEST
WM_NORMAL_HINTS(WM_SIZE_HINTS):
		user specified size: 900 by 588
		program specified minimum size: 900 by 588
		window gravity: Static
