=== 19:36:51 virtual_mic up ===
Выход по умолчанию: alsa_output.pci-0000_00_1f.3-platform-skl_hda_dsp_generic.HiFi__Speaker__sink
Источник по умолчанию: av_test_src
Виртуальный микрофон поднят. Состояние: /run/user/1000/astra-voice-virtual-mic
default source: av_test_src
=== kate ===
kate wid=81788940
dictate50-kde.txt * — Kate
=== 19:36:52 dictate50 (6s wav) ===
Выход по умолчанию: alsa_output.pci-0000_00_1f.3-platform-skl_hda_dsp_generic.HiFi__Speaker__sink
Источник по умолчанию: av_test_src
Модули av_test:
536870916	module-null-sink	sink_name=av_test sink_properties=device.description=av_test	
536870917	module-remap-source	master=av_test.monitor source_name=av_test_src source_properties=device.description=av_test_src	
Скрипт займёт клавиатуру и буфер обмена до 32 минут
Сессия: kde; диктовок: 50; хоткей: ctrl+space.
Вход по умолчанию — av_test_src (virtual_mic.sh up).
В Astra Voice должен быть выбран режим удержания; модель загружена.
Статистика до прогона:
Диктовок: 4
Скорость: обычно 264 мс, в худших случаях 270 мс
Успешно: 3, пусто: 1, отменено: 0
Ошибок микрофона: 0
До прогона: событий 4, диктовок 4.
Переведите фокус в поле ввода Kate/fly-term. Начало через 5 секунд.
Диктовка 1 из 50
Диктовка 2 из 50
Диктовка 3 из 50
Диктовка 4 из 50
Диктовка 5 из 50
Диктовка 6 из 50
Диктовка 7 из 50
Диктовка 8 из 50
Диктовка 9 из 50
Диктовка 10 из 50
Диктовка 11 из 50
Диктовка 12 из 50
Диктовка 13 из 50
Диктовка 14 из 50
Диктовка 15 из 50
Диктовка 16 из 50
Диктовка 17 из 50
Диктовка 18 из 50
Диктовка 19 из 50
Диктовка 20 из 50
Диктовка 21 из 50
Диктовка 22 из 50
Диктовка 23 из 50
Диктовка 24 из 50
Диктовка 25 из 50
Диктовка 26 из 50
Диктовка 27 из 50
Диктовка 28 из 50
Диктовка 29 из 50
Диктовка 30 из 50
Диктовка 31 из 50
Диктовка 32 из 50
Диктовка 33 из 50
Диктовка 34 из 50
Диктовка 35 из 50
Диктовка 36 из 50
Диктовка 37 из 50
Диктовка 38 из 50
Диктовка 39 из 50
Диктовка 40 из 50
Диктовка 41 из 50
Диктовка 42 из 50
Диктовка 43 из 50
Диктовка 44 из 50
Диктовка 45 из 50
Диктовка 46 из 50
Диктовка 47 из 50
Диктовка 48 из 50
Диктовка 49 из 50
Диктовка 50 из 50
Статистика после прогона:
Диктовок: 54
Скорость: обычно 268 мс, в худших случаях 523 мс
Успешно: 53, пусто: 1, отменено: 0
Ошибок микрофона: 0
Событий в истории: до 4, после 54 (история ограничена 1000 событиями).
За прогон добавилось событий: 50; диктовок: 50 из 50.
{"events": 50, "dictations": 50, "p50_ms": 268.490305999876, "p95_ms": 522.7866850000282, "results": {"ok": 50, "empty": 0, "cancelled": 0}, "mic_errors": 0, "target_ms": 500.0, "verdict": "не уложились"}
Вердикт: не уложились — p95 «отпустил → текст» > 500 мс.
dictate50 EXIT=1
=== 20:01:42 virtual_mic down ===
Модулей av_test не осталось.
Выход по умолчанию: alsa_output.pci-0000_00_1f.3-platform-skl_hda_dsp_generic.HiFi__Speaker__sink
Источник по умолчанию: alsa_input.pci-0000_00_1f.3-platform-skl_hda_dsp_generic.HiFi__Mic1__source
Виртуальный микрофон выгружен, устройства по умолчанию совпадают с прежними.
=== stats ===
Диктовок: 54
Скорость: обычно 268 мс, в худших случаях 523 мс
Успешно: 53, пусто: 1, отменено: 0
Ошибок микрофона: 0
