=== 19:28:28 virtual_mic up ===
Выход по умолчанию: alsa_output.pci-0000_00_1f.3-platform-skl_hda_dsp_generic.HiFi__Speaker__sink
Источник по умолчанию: alsa_input.pci-0000_00_1f.3-platform-skl_hda_dsp_generic.HiFi__Mic1__source
Виртуальный микрофон поднят. Состояние: /run/user/1000/astra-voice-virtual-mic
=== kate ===
[1]+  Завершён        kate -n "$DOC" > /dev/null 2>&1
kate wid=81788940
dictate50-kde.txt  — Kate
=== 19:28:32 dictate50 ===
Выход по умолчанию: alsa_output.pci-0000_00_1f.3-platform-skl_hda_dsp_generic.HiFi__Speaker__sink
Источник по умолчанию: alsa_input.pci-0000_00_1f.3-platform-skl_hda_dsp_generic.HiFi__Mic1__source
Модули av_test:
536870916	module-null-sink	sink_name=av_test sink_properties=device.description=av_test	
536870917	module-remap-source	master=av_test.monitor source_name=av_test_src source_properties=device.description=av_test_src	
Скрипт займёт клавиатуру и буфер обмена примерно на 19 минут
Сессия: kde; диктовок: 50; хоткей: ctrl+space.
В Astra Voice должны быть выбраны av_test_src и режим удержания; модель загружена.
Статистика до прогона:
Диктовок: 1
Скорость: пока нет данных.
Успешно: 1, пусто: 0, отменено: 0
Ошибок микрофона: 0
До прогона: событий 1, диктовок 1.
Переведите фокус в поле ввода Kate/fly-term. Начало через 5 секунд.
Диктовка 1 из 50
Нет новой завершённой диктовки за 120 проверок. Проверьте GUI, модель и хоткей.
Статистика после прогона:
Диктовок: 1
Скорость: пока нет данных.
Успешно: 1, пусто: 0, отменено: 0
Ошибок микрофона: 0
Событий в истории: до 1, после 1 (история ограничена 1000 событиями).
За прогон добавилось событий: 0; диктовок: 0 из 50.
{"events": 0, "dictations": 0, "p50_ms": null, "p95_ms": null, "results": {"ok": 0, "empty": 0, "cancelled": 0}, "mic_errors": 0, "target_ms": 500.0, "verdict": "нет данных"}
Вердикт: прогон невозможен — число новых диктовок не совпало с заданным.
dictate50 EXIT=2
=== 19:31:09 virtual_mic down ===
Модулей av_test не осталось.
Выход по умолчанию: alsa_output.pci-0000_00_1f.3-platform-skl_hda_dsp_generic.HiFi__Speaker__sink
Источник по умолчанию: alsa_input.pci-0000_00_1f.3-platform-skl_hda_dsp_generic.HiFi__Mic1__source
Виртуальный микрофон выгружен, устройства по умолчанию совпадают с прежними.
=== stats ===
Диктовок: 1
Скорость: пока нет данных.
Успешно: 1, пусто: 0, отменено: 0
Ошибок микрофона: 0
=== doc lines: 0 ===
