Выход по умолчанию: alsa_output.pci-0000_00_1f.3-platform-skl_hda_dsp_generic.HiFi__Speaker__sink
Источник по умолчанию: av_test_src
Модули av_test:
536870916	module-null-sink	sink_name=av_test sink_properties=device.description=av_test	
536870917	module-remap-source	master=av_test.monitor source_name=av_test_src source_properties=device.description=av_test_src	
Скрипт займёт клавиатуру и буфер обмена до 33 минут
Сессия: kde; диктовок: 50; хоткей: ctrl+space.
Вход по умолчанию — av_test_src (virtual_mic.sh up).
В Astra Voice должен быть выбран режим удержания; модель загружена.
Статистика до прогона:
Диктовок: 343
Распознавание: обычно 126 мс, в худших случаях 378 мс
Полное время (отпустил клавишу → текст в окне): обычно 208 мс, в худших случаях 235 мс
Успешно: 340, пусто: 2, отменено: 1
Ошибок микрофона: 0
До прогона: событий 374, диктовок 343.
Переведите фокус в поле ввода Kate/fly-term. Начало через 5 секунд.
Диктовка 1 из не более 51
Диктовка 2 из не более 51
Диктовка 3 из не более 51
Диктовка 4 из не более 51
Диктовка 5 из не более 51
Диктовка 6 из не более 51
Диктовка 7 из не более 51
Диктовка 8 из не более 51
Диктовка 9 из не более 51
Диктовка 10 из не более 51
Диктовка 11 из не более 51
Диктовка 12 из не более 51
Диктовка 13 из не более 51
Диктовка 14 из не более 51
Диктовка 15 из не более 51
Диктовка 16 из не более 51
Диктовка 17 из не более 51
Диктовка 18 из не более 51
Диктовка 19 из не более 51
Диктовка 20 из не более 51
Диктовка 21 из не более 51
Диктовка 22 из не более 51
Диктовка 23 из не более 51
Диктовка 24 из не более 51
Диктовка 25 из не более 51
Диктовка 26 из не более 51
Диктовка 27 из не более 51
Диктовка 28 из не более 51
Диктовка 29 из не более 51
Диктовка 30 из не более 51
Диктовка 31 из не более 51
Диктовка 32 из не более 51
Диктовка 33 из не более 51
Диктовка 34 из не более 51
Диктовка 35 из не более 51
Диктовка 36 из не более 51
Диктовка 37 из не более 51
Диктовка 38 из не более 51
Диктовка 39 из не более 51
Диктовка 40 из не более 51
Диктовка 41 из не более 51
Диктовка 42 из не более 51
Диктовка 43 из не более 51
Диктовка 44 из не более 51
Диктовка 45 из не более 51
Диктовка 46 из не более 51
Диктовка 47 из не более 51
Диктовка 48 из не более 51
Диктовка 49 из не более 51
Диктовка 50 из не более 51
Статистика после прогона:
Диктовок: 393
Распознавание: обычно 131 мс, в худших случаях 346 мс
Полное время (отпустил клавишу → текст в окне): обычно 326 мс, в худших случаях 352 мс
Успешно: 390, пусто: 2, отменено: 1
Ошибок микрофона: 0
Событий в истории: до 374, после 424 (история ограничена 1000 событиями).
За прогон добавилось событий: 50; диктовок: 50; прогретых вставленных: 50 из 50.
{"events": 50, "dictations": 50, "cold": 0, "p50_ms": 326.91588398301974, "p95_ms": 351.67086400906555, "t_total_ms": {"p50": 326.91588398301974, "p95": 351.67086400906555, "max": 387.9301989800297, "n": 50}, "t_ms": {"p50": 173.2878719922155, "p95": 194.62750299135223, "max": 242.23155199433677, "n": 50}, "results": {"ok": 50, "empty": 0, "cancelled": 0}, "mic_errors": 0, "target_ms": 500.0, "min_n": 50, "verdict": "уложились"}
Справочно: p95 t_ms = 194.62750299135223 мс.
Вердикт: уложились — p95 полного времени «отпустил → текст в окне» (t_total_ms) = 351.67086400906555 мс ≤ 500 мс.
EXIT=0
