=== контрольный прогон: план (768 МиБ, threads=4) ===
RLIMIT_AS воркера: мягкий=768 МиБ, жёсткий=768 МиБ; threads=4; дедлайн=10 с.
Пришло model.loaded (без кода) за 0.707892 с; ожидание load-timeout по дедлайну 10 с (допуск доставки ±0.1 с): не уложились.
код возврата=1
=== RLIMIT_AS 512 МиБ, threads=4 ===
RLIMIT_AS воркера: мягкий=512 МиБ, жёсткий=512 МиБ; threads=4; дедлайн=10 с.
Пришло error (engine-failed) за 0.183863 с; ожидание load-timeout по дедлайну 10 с (допуск доставки ±0.1 с): не уложились.
код возврата=1
=== RLIMIT_AS 384 МиБ, threads=4 ===
RLIMIT_AS воркера: мягкий=384 МиБ, жёсткий=384 МиБ; threads=4; дедлайн=10 с.
Пришло error (engine-failed) за 0.123871 с; ожидание load-timeout по дедлайну 10 с (допуск доставки ±0.1 с): не уложились.
код возврата=1
=== RLIMIT_AS 256 МиБ, threads=4 ===
RLIMIT_AS воркера: мягкий=256 МиБ, жёсткий=256 МиБ; threads=4; дедлайн=10 с.
Пришло error (engine-failed) за 0.006744 с; ожидание load-timeout по дедлайну 10 с (допуск доставки ±0.1 с): не уложились.
код возврата=1
=== RLIMIT_AS 700 МиБ, threads=4 ===
RLIMIT_AS воркера: мягкий=700 МиБ, жёсткий=700 МиБ; threads=4; дедлайн=10 с.
Пришло error (load-timeout) за 10.000545 с; ожидание load-timeout по дедлайну 10 с (допуск доставки ±0.1 с): уложились.
=== RLIMIT_AS 640 МиБ, threads=4 ===
RLIMIT_AS воркера: мягкий=640 МиБ, жёсткий=640 МиБ; threads=4; дедлайн=10 с.
Пришло model.loaded (без кода) за 0.706561 с; ожидание load-timeout по дедлайну 10 с (допуск доставки ±0.1 с): не уложились.
