2026-09-11 15:27:12,305 WARNING [WORKER] astra_voice.worker.engine: Отмена работает через обходной путь с поиском сессий по типу onnx-asr (fallback-wrapper); в vendor-сборке должен применяться патч cancellable().
Модель загружена: 700.867 мс; threads=2; onnx-asr 0.12.0/onnxruntime 1.24.4; cancel=fallback-wrapper.
Серия: штатный IPC напрямую, transcribe.file; один pid и одна загрузка модели. Супервизор не используется: служебный id file нельзя повторять в его поколении.
до серии: VmHWM=392212 кБ; Pss=378781 кБ; sessions=3.
Прогон 1/20: t_ms=206.000.
Прогон 2/20: t_ms=155.000.
Прогон 3/20: t_ms=155.000.
Прогон 4/20: t_ms=156.000.
Прогон 5/20: t_ms=155.000.
Прогон 6/20: t_ms=155.000.
Прогон 7/20: t_ms=155.000.
Прогон 8/20: t_ms=206.000.
Прогон 9/20: t_ms=205.000.
Прогон 10/20: t_ms=205.000.
Прогон 11/20: t_ms=155.000.
Прогон 12/20: t_ms=155.000.
Прогон 13/20: t_ms=155.000.
Прогон 14/20: t_ms=205.000.
Прогон 15/20: t_ms=207.000.
Прогон 16/20: t_ms=207.000.
Прогон 17/20: t_ms=156.000.
Прогон 18/20: t_ms=156.000.
Прогон 19/20: t_ms=155.000.
Прогон 20/20: t_ms=206.000.
после серии: VmHWM=412844 кБ; Pss=399350 кБ; sessions=3.
VmHWM до/после: 392212/412844 кБ; прирост=20632 кБ (порог прироста в плане не задан). sessions до/после=3/3; ожидание 3: уложились. t_ms=[206.0, 155.0, 155.0, 156.0, 155.0, 155.0, 155.0, 206.0, 205.0, 205.0, 155.0, 155.0, 155.0, 205.0, 207.0, 207.0, 156.0, 156.0, 155.0, 206.0]; медиана=156.000 мс; p95=207.000 мс (ближайший ранг). Это t_ms всего запроса, не чистого инференса tools/benchmark. sessions — снимок последней загрузки, не текущий счётчик живых сессий. PCM: снаружи не наблюдаемо; очистка покрыта unit-тестом test_soak_releases_pcm.
код возврата=0
